Archive member included to satisfy reference by file (symbol)

c:/st/stm32cubeide_1.10.1/stm32cubeide/plugins/com.st.stm32cube.ide.mcu.externaltools.gnu-tools-for-stm32.10.3-2021.10.win32_1.0.0.202111181127/tools/bin/../lib/gcc/arm-none-eabi/10.3.1/../../../../arm-none-eabi/lib/thumb/v7e-m+fp/hard\libc_nano.a(lib_a-errno.o)
                              ./Application/User/Core/syscalls.o (__errno)
c:/st/stm32cubeide_1.10.1/stm32cubeide/plugins/com.st.stm32cube.ide.mcu.externaltools.gnu-tools-for-stm32.10.3-2021.10.win32_1.0.0.202111181127/tools/bin/../lib/gcc/arm-none-eabi/10.3.1/../../../../arm-none-eabi/lib/thumb/v7e-m+fp/hard\libc_nano.a(lib_a-exit.o)
                              c:/st/stm32cubeide_1.10.1/stm32cubeide/plugins/com.st.stm32cube.ide.mcu.externaltools.gnu-tools-for-stm32.10.3-2021.10.win32_1.0.0.202111181127/tools/bin/../lib/gcc/arm-none-eabi/10.3.1/../../../../arm-none-eabi/lib/thumb/v7e-m+fp/hard/crt0.o (exit)
c:/st/stm32cubeide_1.10.1/stm32cubeide/plugins/com.st.stm32cube.ide.mcu.externaltools.gnu-tools-for-stm32.10.3-2021.10.win32_1.0.0.202111181127/tools/bin/../lib/gcc/arm-none-eabi/10.3.1/../../../../arm-none-eabi/lib/thumb/v7e-m+fp/hard\libc_nano.a(lib_a-impure.o)
                              c:/st/stm32cubeide_1.10.1/stm32cubeide/plugins/com.st.stm32cube.ide.mcu.externaltools.gnu-tools-for-stm32.10.3-2021.10.win32_1.0.0.202111181127/tools/bin/../lib/gcc/arm-none-eabi/10.3.1/../../../../arm-none-eabi/lib/thumb/v7e-m+fp/hard\libc_nano.a(lib_a-exit.o) (_global_impure_ptr)
c:/st/stm32cubeide_1.10.1/stm32cubeide/plugins/com.st.stm32cube.ide.mcu.externaltools.gnu-tools-for-stm32.10.3-2021.10.win32_1.0.0.202111181127/tools/bin/../lib/gcc/arm-none-eabi/10.3.1/../../../../arm-none-eabi/lib/thumb/v7e-m+fp/hard\libc_nano.a(lib_a-init.o)
                              c:/st/stm32cubeide_1.10.1/stm32cubeide/plugins/com.st.stm32cube.ide.mcu.externaltools.gnu-tools-for-stm32.10.3-2021.10.win32_1.0.0.202111181127/tools/bin/../lib/gcc/arm-none-eabi/10.3.1/../../../../arm-none-eabi/lib/thumb/v7e-m+fp/hard/crt0.o (__libc_init_array)
c:/st/stm32cubeide_1.10.1/stm32cubeide/plugins/com.st.stm32cube.ide.mcu.externaltools.gnu-tools-for-stm32.10.3-2021.10.win32_1.0.0.202111181127/tools/bin/../lib/gcc/arm-none-eabi/10.3.1/../../../../arm-none-eabi/lib/thumb/v7e-m+fp/hard\libc_nano.a(lib_a-memset.o)
                              c:/st/stm32cubeide_1.10.1/stm32cubeide/plugins/com.st.stm32cube.ide.mcu.externaltools.gnu-tools-for-stm32.10.3-2021.10.win32_1.0.0.202111181127/tools/bin/../lib/gcc/arm-none-eabi/10.3.1/../../../../arm-none-eabi/lib/thumb/v7e-m+fp/hard/crt0.o (memset)

Discarded input sections

 .text          0x0000000000000000        0x0 c:/st/stm32cubeide_1.10.1/stm32cubeide/plugins/com.st.stm32cube.ide.mcu.externaltools.gnu-tools-for-stm32.10.3-2021.10.win32_1.0.0.202111181127/tools/bin/../lib/gcc/arm-none-eabi/10.3.1/thumb/v7e-m+fp/hard/crti.o
 .data          0x0000000000000000        0x0 c:/st/stm32cubeide_1.10.1/stm32cubeide/plugins/com.st.stm32cube.ide.mcu.externaltools.gnu-tools-for-stm32.10.3-2021.10.win32_1.0.0.202111181127/tools/bin/../lib/gcc/arm-none-eabi/10.3.1/thumb/v7e-m+fp/hard/crti.o
 .bss           0x0000000000000000        0x0 c:/st/stm32cubeide_1.10.1/stm32cubeide/plugins/com.st.stm32cube.ide.mcu.externaltools.gnu-tools-for-stm32.10.3-2021.10.win32_1.0.0.202111181127/tools/bin/../lib/gcc/arm-none-eabi/10.3.1/thumb/v7e-m+fp/hard/crti.o
 .data          0x0000000000000000        0x4 c:/st/stm32cubeide_1.10.1/stm32cubeide/plugins/com.st.stm32cube.ide.mcu.externaltools.gnu-tools-for-stm32.10.3-2021.10.win32_1.0.0.202111181127/tools/bin/../lib/gcc/arm-none-eabi/10.3.1/thumb/v7e-m+fp/hard/crtbegin.o
 .rodata        0x0000000000000000       0x24 c:/st/stm32cubeide_1.10.1/stm32cubeide/plugins/com.st.stm32cube.ide.mcu.externaltools.gnu-tools-for-stm32.10.3-2021.10.win32_1.0.0.202111181127/tools/bin/../lib/gcc/arm-none-eabi/10.3.1/thumb/v7e-m+fp/hard/crtbegin.o
 .text          0x0000000000000000       0x7c c:/st/stm32cubeide_1.10.1/stm32cubeide/plugins/com.st.stm32cube.ide.mcu.externaltools.gnu-tools-for-stm32.10.3-2021.10.win32_1.0.0.202111181127/tools/bin/../lib/gcc/arm-none-eabi/10.3.1/../../../../arm-none-eabi/lib/thumb/v7e-m+fp/hard/crt0.o
 .data          0x0000000000000000        0x0 c:/st/stm32cubeide_1.10.1/stm32cubeide/plugins/com.st.stm32cube.ide.mcu.externaltools.gnu-tools-for-stm32.10.3-2021.10.win32_1.0.0.202111181127/tools/bin/../lib/gcc/arm-none-eabi/10.3.1/../../../../arm-none-eabi/lib/thumb/v7e-m+fp/hard/crt0.o
 .bss           0x0000000000000000        0x0 c:/st/stm32cubeide_1.10.1/stm32cubeide/plugins/com.st.stm32cube.ide.mcu.externaltools.gnu-tools-for-stm32.10.3-2021.10.win32_1.0.0.202111181127/tools/bin/../lib/gcc/arm-none-eabi/10.3.1/../../../../arm-none-eabi/lib/thumb/v7e-m+fp/hard/crt0.o
[...]
Memory Configuration

Name             Origin             Length             Attributes
FLASH            0x0000000008100000 0x0000000000100000 xr
RAM              0x0000000010000000 0x0000000000048000 xrw
*default*        0x0000000000000000 0xffffffffffffffff

Linker script and memory map

LOAD c:/st/stm32cubeide_1.10.1/stm32cubeide/plugins/com.st.stm32cube.ide.mcu.externaltools.gnu-tools-for-stm32.10.3-2021.10.win32_1.0.0.202111181127/tools/bin/../lib/gcc/arm-none-eabi/10.3.1/thumb/v7e-m+fp/hard/crti.o
LOAD c:/st/stm32cubeide_1.10.1/stm32cubeide/plugins/com.st.stm32cube.ide.mcu.externaltools.gnu-tools-for-stm32.10.3-2021.10.win32_1.0.0.202111181127/tools/bin/../lib/gcc/arm-none-eabi/10.3.1/thumb/v7e-m+fp/hard/crtbegin.o
LOAD c:/st/stm32cubeide_1.10.1/stm32cubeide/plugins/com.st.stm32cube.ide.mcu.externaltools.gnu-tools-for-stm32.10.3-2021.10.win32_1.0.0.202111181127/tools/bin/../lib/gcc/arm-none-eabi/10.3.1/../../../../arm-none-eabi/lib/thumb/v7e-m+fp/hard/crt0.o
LOAD ./Application/User/Core/main.o
LOAD ./Application/User/Core/stm32h7xx_hal_msp.o
LOAD ./Application/User/Core/stm32h7xx_it.o
LOAD ./Application/User/Core/syscalls.o
LOAD ./Application/User/Core/sysmem.o
LOAD ./Application/User/Startup/startup_stm32h745xihx.o
LOAD ./Common/system_stm32h7xx_dualcore_boot_cm4_cm7.o
LOAD ./Drivers/STM32H7xx_HAL_Driver/stm32h7xx_hal.o
LOAD ./Drivers/STM32H7xx_HAL_Driver/stm32h7xx_hal_cortex.o
LOAD ./Drivers/STM32H7xx_HAL_Driver/stm32h7xx_hal_hsem.o
LOAD ./Drivers/STM32H7xx_HAL_Driver/stm32h7xx_hal_pwr_ex.o
LOAD ./Drivers/STM32H7xx_HAL_Driver/stm32h7xx_hal_rcc.o
START GROUP
LOAD c:/st/stm32cubeide_1.10.1/stm32cubeide/plugins/com.st.stm32cube.ide.mcu.externaltools.gnu-tools-for-stm32.10.3-2021.10.win32_1.0.0.202111181127/tools/bin/../lib/gcc/arm-none-eabi/10.3.1/../../../../arm-none-eabi/lib/thumb/v7e-m+fp/hard\libstdc++_nano.a
LOAD c:/st/stm32cubeide_1.10.1/stm32cubeide/plugins/com.st.stm32cube.ide.mcu.externaltools.gnu-tools-for-stm32.10.3-2021.10.win32_1.0.0.202111181127/tools/bin/../lib/gcc/arm-none-eabi/10.3.1/../../../../arm-none-eabi/lib/thumb/v7e-m+fp/hard\libsupc++_nano.a
END GROUP
LOAD c:/st/stm32cubeide_1.10.1/stm32cubeide/plugins/com.st.stm32cube.ide.mcu.externaltools.gnu-tools-for-stm32.10.3-2021.10.win32_1.0.0.202111181127/tools/bin/../lib/gcc/arm-none-eabi/10.3.1/../../../../arm-none-eabi/lib/thumb/v7e-m+fp/hard\libstdc++_nano.a
LOAD c:/st/stm32cubeide_1.10.1/stm32cubeide/plugins/com.st.stm32cube.ide.mcu.externaltools.gnu-tools-for-stm32.10.3-2021.10.win32_1.0.0.202111181127/tools/bin/../lib/gcc/arm-none-eabi/10.3.1/../../../../arm-none-eabi/lib/thumb/v7e-m+fp/hard\libm.a
LOAD c:/st/stm32cubeide_1.10.1/stm32cubeide/plugins/com.st.stm32cube.ide.mcu.externaltools.gnu-tools-for-stm32.10.3-2021.10.win32_1.0.0.202111181127/tools/bin/../lib/gcc/arm-none-eabi/10.3.1/../../../../arm-none-eabi/lib/thumb/v7e-m+fp/hard\libc_nano.a
START GROUP
LOAD c:/st/stm32cubeide_1.10.1/stm32cubeide/plugins/com.st.stm32cube.ide.mcu.externaltools.gnu-tools-for-stm32.10.3-2021.10.win32_1.0.0.202111181127/tools/bin/../lib/gcc/arm-none-eabi/10.3.1/thumb/v7e-m+fp/hard\libgcc.a
LOAD c:/st/stm32cubeide_1.10.1/stm32cubeide/plugins/com.st.stm32cube.ide.mcu.externaltools.gnu-tools-for-stm32.10.3-2021.10.win32_1.0.0.202111181127/tools/bin/../lib/gcc/arm-none-eabi/10.3.1/../../../../arm-none-eabi/lib/thumb/v7e-m+fp/hard\libc_nano.a
END GROUP
START GROUP
LOAD c:/st/stm32cubeide_1.10.1/stm32cubeide/plugins/com.st.stm32cube.ide.mcu.externaltools.gnu-tools-for-stm32.10.3-2021.10.win32_1.0.0.202111181127/tools/bin/../lib/gcc/arm-none-eabi/10.3.1/thumb/v7e-m+fp/hard\libgcc.a
LOAD c:/st/stm32cubeide_1.10.1/stm32cubeide/plugins/com.st.stm32cube.ide.mcu.externaltools.gnu-tools-for-stm32.10.3-2021.10.win32_1.0.0.202111181127/tools/bin/../lib/gcc/arm-none-eabi/10.3.1/../../../../arm-none-eabi/lib/thumb/v7e-m+fp/hard\libc_nano.a
LOAD c:/st/stm32cubeide_1.10.1/stm32cubeide/plugins/com.st.stm32cube.ide.mcu.externaltools.gnu-tools-for-stm32.10.3-2021.10.win32_1.0.0.202111181127/tools/bin/../lib/gcc/arm-none-eabi/10.3.1/../../../../arm-none-eabi/lib/thumb/v7e-m+fp/hard\libnosys.a
END GROUP
START GROUP
LOAD c:/st/stm32cubeide_1.10.1/stm32cubeide/plugins/com.st.stm32cube.ide.mcu.externaltools.gnu-tools-for-stm32.10.3-2021.10.win32_1.0.0.202111181127/tools/bin/../lib/gcc/arm-none-eabi/10.3.1/thumb/v7e-m+fp/hard\libgcc.a
LOAD c:/st/stm32cubeide_1.10.1/stm32cubeide/plugins/com.st.stm32cube.ide.mcu.externaltools.gnu-tools-for-stm32.10.3-2021.10.win32_1.0.0.202111181127/tools/bin/../lib/gcc/arm-none-eabi/10.3.1/../../../../arm-none-eabi/lib/thumb/v7e-m+fp/hard\libc_nano.a
LOAD c:/st/stm32cubeide_1.10.1/stm32cubeide/plugins/com.st.stm32cube.ide.mcu.externaltools.gnu-tools-for-stm32.10.3-2021.10.win32_1.0.0.202111181127/tools/bin/../lib/gcc/arm-none-eabi/10.3.1/../../../../arm-none-eabi/lib/thumb/v7e-m+fp/hard\libnosys.a
END GROUP
LOAD c:/st/stm32cubeide_1.10.1/stm32cubeide/plugins/com.st.stm32cube.ide.mcu.externaltools.gnu-tools-for-stm32.10.3-2021.10.win32_1.0.0.202111181127/tools/bin/../lib/gcc/arm-none-eabi/10.3.1/thumb/v7e-m+fp/hard/crtend.o
LOAD c:/st/stm32cubeide_1.10.1/stm32cubeide/plugins/com.st.stm32cube.ide.mcu.externaltools.gnu-tools-for-stm32.10.3-2021.10.win32_1.0.0.202111181127/tools/bin/../lib/gcc/arm-none-eabi/10.3.1/thumb/v7e-m+fp/hard/crtn.o
                0x0000000010048000                _estack = (ORIGIN (RAM) + LENGTH (RAM))
                0x0000000000000200                _Min_Heap_Size = 0x200
                0x0000000000000400                _Min_Stack_Size = 0x400

.isr_vector     0x0000000008100000      0x298
                0x0000000008100000                . = ALIGN (0x4)
 *(.isr_vector)
 .isr_vector    0x0000000008100000      0x298 ./Application/User/Startup/startup_stm32h745xihx.o
                0x0000000008100000                g_pfnVectors
                0x0000000008100298                . = ALIGN (0x4)

.text           0x0000000008100298      0xa70
                0x0000000008100298                . = ALIGN (0x4)
 *(.text)
 .text          0x0000000008100298       0x40 c:/st/stm32cubeide_1.10.1/stm32cubeide/plugins/com.st.stm32cube.ide.mcu.externaltools.gnu-tools-for-stm32.10.3-2021.10.win32_1.0.0.202111181127/tools/bin/../lib/gcc/arm-none-eabi/10.3.1/thumb/v7e-m+fp/hard/crtbegin.o
 *(.text*)
 .text.main     0x00000000081002d8       0x94 ./Application/User/Core/main.o
                0x00000000081002d8                main
 .text.MX_GPIO_Init
                0x000000000810036c       0x60 ./Application/User/Core/main.o
 .text.HAL_MspInit
                0x00000000081003cc       0x34 ./Application/User/Core/stm32h7xx_hal_msp.o
                0x00000000081003cc                HAL_MspInit
 .text.NMI_Handler
                0x0000000008100400        0x6 ./Application/User/Core/stm32h7xx_it.o
                0x0000000008100400                NMI_Handler
 .text.HardFault_Handler
                0x0000000008100406        0x6 ./Application/User/Core/stm32h7xx_it.o
                0x0000000008100406                HardFault_Handler
 .text.MemManage_Handler
                0x000000000810040c        0x6 ./Application/User/Core/stm32h7xx_it.o
                0x000000000810040c                MemManage_Handler
 .text.BusFault_Handler
                0x0000000008100412        0x6 ./Application/User/Core/stm32h7xx_it.o
                0x0000000008100412                BusFault_Handler
 .text.UsageFault_Handler
                0x0000000008100418        0x6 ./Application/User/Core/stm32h7xx_it.o
                0x0000000008100418                UsageFault_Handler
 .text.SVC_Handler
                0x000000000810041e        0xe ./Application/User/Core/stm32h7xx_it.o
                0x000000000810041e                SVC_Handler
 .text.DebugMon_Handler
                0x000000000810042c        0xe ./Application/User/Core/stm32h7xx_it.o
                0x000000000810042c                DebugMon_Handler
 .text.PendSV_Handler
                0x000000000810043a        0xe ./Application/User/Core/stm32h7xx_it.o
                0x000000000810043a                PendSV_Handler
 .text.SysTick_Handler
                0x0000000008100448        0xc ./Application/User/Core/stm32h7xx_it.o
                0x0000000008100448                SysTick_Handler
 .text.Reset_Handler
                0x0000000008100454       0x50 ./Application/User/Startup/startup_stm32h745xihx.o
                0x0000000008100454                Reset_Handler
 .text.Default_Handler
                0x00000000081004a4        0x2 ./Application/User/Startup/startup_stm32h745xihx.o
                0x00000000081004a4                RTC_Alarm_IRQHandler
                0x00000000081004a4                EXTI2_IRQHandler
                0x00000000081004a4                TIM8_CC_IRQHandler
                0x00000000081004a4                HRTIM1_Master_IRQHandler
                0x00000000081004a4                UART8_IRQHandler
                0x00000000081004a4                SPI4_IRQHandler
                0x00000000081004a4                TIM1_CC_IRQHandler
                0x00000000081004a4                BDMA_Channel6_IRQHandler
                0x00000000081004a4                DMA2_Stream5_IRQHandler
                0x00000000081004a4                HRTIM1_FLT_IRQHandler
                0x00000000081004a4                JPEG_IRQHandler
                0x00000000081004a4                DMA1_Stream5_IRQHandler
                0x00000000081004a4                BDMA_Channel1_IRQHandler
                0x00000000081004a4                HRTIM1_TIMD_IRQHandler
                0x00000000081004a4                TAMP_STAMP_IRQHandler
                0x00000000081004a4                EXTI3_IRQHandler
                0x00000000081004a4                LPTIM4_IRQHandler
                0x00000000081004a4                TIM8_TRG_COM_TIM14_IRQHandler
                0x00000000081004a4                LPTIM2_IRQHandler
                0x00000000081004a4                DFSDM1_FLT1_IRQHandler
                0x00000000081004a4                DMAMUX2_OVR_IRQHandler
                0x00000000081004a4                TIM8_UP_TIM13_IRQHandler
                0x00000000081004a4                I2C3_ER_IRQHandler
                0x00000000081004a4                DFSDM1_FLT2_IRQHandler
                0x00000000081004a4                MDMA_IRQHandler
                0x00000000081004a4                LPTIM3_IRQHandler
                0x00000000081004a4                HSEM1_IRQHandler
                0x00000000081004a4                EXTI0_IRQHandler
                0x00000000081004a4                I2C2_EV_IRQHandler
                0x00000000081004a4                DMA1_Stream2_IRQHandler
                0x00000000081004a4                FPU_IRQHandler
                0x00000000081004a4                OTG_HS_WKUP_IRQHandler
                0x00000000081004a4                FDCAN1_IT1_IRQHandler
                0x00000000081004a4                LTDC_ER_IRQHandler
                0x00000000081004a4                DMA2_Stream2_IRQHandler
                0x00000000081004a4                HRTIM1_TIME_IRQHandler
                0x00000000081004a4                SPI1_IRQHandler
                0x00000000081004a4                TIM6_DAC_IRQHandler
                0x00000000081004a4                DCMI_IRQHandler
                0x00000000081004a4                HRTIM1_TIMC_IRQHandler
                0x00000000081004a4                DMA2_Stream3_IRQHandler
                0x00000000081004a4                SAI2_IRQHandler
                0x00000000081004a4                DFSDM1_FLT3_IRQHandler
                0x00000000081004a4                USART6_IRQHandler
                0x00000000081004a4                TIM17_IRQHandler
                0x00000000081004a4                USART3_IRQHandler
                0x00000000081004a4                BDMA_Channel7_IRQHandler
                0x00000000081004a4                LPTIM5_IRQHandler
                0x00000000081004a4                UART5_IRQHandler
                0x00000000081004a4                ADC3_IRQHandler
                0x00000000081004a4                DMA2_Stream0_IRQHandler
                0x00000000081004a4                TIM4_IRQHandler
                0x00000000081004a4                BDMA_Channel2_IRQHandler
                0x00000000081004a4                QUADSPI_IRQHandler
                0x00000000081004a4                I2C1_EV_IRQHandler
                0x00000000081004a4                DMA1_Stream6_IRQHandler
                0x00000000081004a4                DMAMUX1_OVR_IRQHandler
                0x00000000081004a4                DMA1_Stream1_IRQHandler
                0x00000000081004a4                TIM16_IRQHandler
                0x00000000081004a4                UART4_IRQHandler
                0x00000000081004a4                BDMA_Channel5_IRQHandler
                0x00000000081004a4                TIM3_IRQHandler
                0x00000000081004a4                RCC_IRQHandler
                0x00000000081004a4                TIM8_BRK_TIM12_IRQHandler
                0x00000000081004a4                TIM1_TRG_COM_IRQHandler
                0x00000000081004a4                Default_Handler
                0x00000000081004a4                ECC_IRQHandler
                0x00000000081004a4                CEC_IRQHandler
                0x00000000081004a4                EXTI15_10_IRQHandler
                0x00000000081004a4                BDMA_Channel0_IRQHandler
                0x00000000081004a4                ADC_IRQHandler
                0x00000000081004a4                DMA1_Stream7_IRQHandler
                0x00000000081004a4                HRTIM1_TIMA_IRQHandler
                0x00000000081004a4                SPI5_IRQHandler
                0x00000000081004a4                TIM7_IRQHandler
                0x00000000081004a4                SDMMC1_IRQHandler
                0x00000000081004a4                TIM5_IRQHandler
                0x00000000081004a4                DMA2_Stream7_IRQHandler
                0x00000000081004a4                TIM15_IRQHandler
                0x00000000081004a4                PVD_AVD_IRQHandler
                0x00000000081004a4                I2C3_EV_IRQHandler
                0x00000000081004a4                EXTI9_5_IRQHandler
                0x00000000081004a4                RTC_WKUP_IRQHandler
                0x00000000081004a4                LTDC_IRQHandler
                0x00000000081004a4                SAI3_IRQHandler
                0x00000000081004a4                ETH_WKUP_IRQHandler
                0x00000000081004a4                SPDIF_RX_IRQHandler
                0x00000000081004a4                SPI2_IRQHandler
                0x00000000081004a4                OTG_HS_EP1_IN_IRQHandler
                0x00000000081004a4                DMA1_Stream0_IRQHandler
                0x00000000081004a4                CRS_IRQHandler
                0x00000000081004a4                CM7_SEV_IRQHandler
                0x00000000081004a4                EXTI4_IRQHandler
                0x00000000081004a4                RNG_IRQHandler
                0x00000000081004a4                CM4_SEV_IRQHandler
                0x00000000081004a4                HRTIM1_TIMB_IRQHandler
                0x00000000081004a4                FDCAN2_IT1_IRQHandler
                0x00000000081004a4                ETH_IRQHandler
                0x00000000081004a4                TIM1_UP_IRQHandler
                0x00000000081004a4                WWDG_RST_IRQHandler
                0x00000000081004a4                BDMA_Channel4_IRQHandler
                0x00000000081004a4                OTG_HS_EP1_OUT_IRQHandler
                0x00000000081004a4                WWDG_IRQHandler
                0x00000000081004a4                SPI6_IRQHandler
                0x00000000081004a4                MDIOS_IRQHandler
                0x00000000081004a4                I2C4_EV_IRQHandler
                0x00000000081004a4                FDCAN2_IT0_IRQHandler
                0x00000000081004a4                LPUART1_IRQHandler
                0x00000000081004a4                FDCAN1_IT0_IRQHandler
                0x00000000081004a4                TIM2_IRQHandler
                0x00000000081004a4                OTG_FS_WKUP_IRQHandler
                0x00000000081004a4                OTG_HS_IRQHandler
                0x00000000081004a4                HSEM2_IRQHandler
                0x00000000081004a4                DMA2D_IRQHandler
                0x00000000081004a4                TIM1_BRK_IRQHandler
                0x00000000081004a4                EXTI1_IRQHandler
                0x00000000081004a4                SDMMC2_IRQHandler
                0x00000000081004a4                OTG_FS_EP1_OUT_IRQHandler
                0x00000000081004a4                BDMA_Channel3_IRQHandler
                0x00000000081004a4                HOLD_CORE_IRQHandler
                0x00000000081004a4                UART7_IRQHandler
                0x00000000081004a4                MDIOS_WKUP_IRQHandler
                0x00000000081004a4                USART2_IRQHandler
                0x00000000081004a4                DFSDM1_FLT0_IRQHandler
                0x00000000081004a4                SAI4_IRQHandler
                0x00000000081004a4                I2C2_ER_IRQHandler
                0x00000000081004a4                DMA2_Stream1_IRQHandler
                0x00000000081004a4                FLASH_IRQHandler
                0x00000000081004a4                DMA2_Stream4_IRQHandler
                0x00000000081004a4                USART1_IRQHandler
                0x00000000081004a4                OTG_FS_IRQHandler
                0x00000000081004a4                SPI3_IRQHandler
                0x00000000081004a4                WAKEUP_PIN_IRQHandler
                0x00000000081004a4                DMA1_Stream4_IRQHandler
                0x00000000081004a4                OTG_FS_EP1_IN_IRQHandler
                0x00000000081004a4                I2C1_ER_IRQHandler
                0x00000000081004a4                FMC_IRQHandler
                0x00000000081004a4                FDCAN_CAL_IRQHandler
                0x00000000081004a4                SWPMI1_IRQHandler
                0x00000000081004a4                COMP1_IRQHandler
                0x00000000081004a4                LPTIM1_IRQHandler
                0x00000000081004a4                I2C4_ER_IRQHandler
                0x00000000081004a4                DMA2_Stream6_IRQHandler
                0x00000000081004a4                SAI1_IRQHandler
                0x00000000081004a4                DMA1_Stream3_IRQHandler
 *fill*         0x00000000081004a6        0x2 
 .text.SystemInit
                0x00000000081004a8       0x38 ./Common/system_stm32h7xx_dualcore_boot_cm4_cm7.o
                0x00000000081004a8                SystemInit
 .text.HAL_Init
                0x00000000081004e0       0xbc ./Drivers/STM32H7xx_HAL_Driver/stm32h7xx_hal.o
                0x00000000081004e0                HAL_Init
 .text.HAL_InitTick
                0x000000000810059c       0x6c ./Drivers/STM32H7xx_HAL_Driver/stm32h7xx_hal.o
                0x000000000810059c                HAL_InitTick
 .text.HAL_IncTick
                0x0000000008100608       0x28 ./Drivers/STM32H7xx_HAL_Driver/stm32h7xx_hal.o
                0x0000000008100608                HAL_IncTick
 .text.HAL_GetTick
                0x0000000008100630       0x18 ./Drivers/STM32H7xx_HAL_Driver/stm32h7xx_hal.o
                0x0000000008100630                HAL_GetTick
 .text.HAL_Delay
                0x0000000008100648       0x48 ./Drivers/STM32H7xx_HAL_Driver/stm32h7xx_hal.o
                0x0000000008100648                HAL_Delay
 .text.__NVIC_SetPriorityGrouping
                0x0000000008100690       0x48 ./Drivers/STM32H7xx_HAL_Driver/stm32h7xx_hal_cortex.o
 .text.__NVIC_GetPriorityGrouping
                0x00000000081006d8       0x1c ./Drivers/STM32H7xx_HAL_Driver/stm32h7xx_hal_cortex.o
 .text.__NVIC_SetPriority
                0x00000000081006f4       0x54 ./Drivers/STM32H7xx_HAL_Driver/stm32h7xx_hal_cortex.o
 .text.NVIC_EncodePriority
                0x0000000008100748       0x66 ./Drivers/STM32H7xx_HAL_Driver/stm32h7xx_hal_cortex.o
 *fill*         0x00000000081007ae        0x2 
 .text.SysTick_Config
                0x00000000081007b0       0x44 ./Drivers/STM32H7xx_HAL_Driver/stm32h7xx_hal_cortex.o
 .text.HAL_NVIC_SetPriorityGrouping
                0x00000000081007f4       0x16 ./Drivers/STM32H7xx_HAL_Driver/stm32h7xx_hal_cortex.o
                0x00000000081007f4                HAL_NVIC_SetPriorityGrouping
 .text.HAL_NVIC_SetPriority
                0x000000000810080a       0x34 ./Drivers/STM32H7xx_HAL_Driver/stm32h7xx_hal_cortex.o
                0x000000000810080a                HAL_NVIC_SetPriority
 .text.HAL_SYSTICK_Config
                0x000000000810083e       0x18 ./Drivers/STM32H7xx_HAL_Driver/stm32h7xx_hal_cortex.o
                0x000000000810083e                HAL_SYSTICK_Config
 *fill*         0x0000000008100856        0x2 
 .text.HAL_GetCurrentCPUID
                0x0000000008100858       0x28 ./Drivers/STM32H7xx_HAL_Driver/stm32h7xx_hal_cortex.o
                0x0000000008100858                HAL_GetCurrentCPUID
 .text.HAL_HSEM_ActivateNotification
                0x0000000008100880       0x24 ./Drivers/STM32H7xx_HAL_Driver/stm32h7xx_hal_hsem.o
                0x0000000008100880                HAL_HSEM_ActivateNotification
 .text.HAL_PWREx_EnterSTOPMode
                0x00000000081008a4       0xf4 ./Drivers/STM32H7xx_HAL_Driver/stm32h7xx_hal_pwr_ex.o
                0x00000000081008a4                HAL_PWREx_EnterSTOPMode
 .text.HAL_PWREx_ClearPendingEvent
                0x0000000008100998       0x1a ./Drivers/STM32H7xx_HAL_Driver/stm32h7xx_hal_pwr_ex.o
                0x0000000008100998                HAL_PWREx_ClearPendingEvent
 *fill*         0x00000000081009b2        0x2 
 .text.HAL_RCC_GetSysClockFreq
                0x00000000081009b4      0x2f4 ./Drivers/STM32H7xx_HAL_Driver/stm32h7xx_hal_rcc.o
                0x00000000081009b4                HAL_RCC_GetSysClockFreq
 .text.__libc_init_array
                0x0000000008100ca8       0x48 c:/st/stm32cubeide_1.10.1/stm32cubeide/plugins/com.st.stm32cube.ide.mcu.externaltools.gnu-tools-for-stm32.10.3-2021.10.win32_1.0.0.202111181127/tools/bin/../lib/gcc/arm-none-eabi/10.3.1/../../../../arm-none-eabi/lib/thumb/v7e-m+fp/hard\libc_nano.a(lib_a-init.o)
                0x0000000008100ca8                __libc_init_array
 *(.glue_7)
 .glue_7        0x0000000008100cf0        0x0 linker stubs
 *(.glue_7t)
 .glue_7t       0x0000000008100cf0        0x0 linker stubs
 *(.eh_frame)
 .eh_frame      0x0000000008100cf0        0x0 c:/st/stm32cubeide_1.10.1/stm32cubeide/plugins/com.st.stm32cube.ide.mcu.externaltools.gnu-tools-for-stm32.10.3-2021.10.win32_1.0.0.202111181127/tools/bin/../lib/gcc/arm-none-eabi/10.3.1/thumb/v7e-m+fp/hard/crtbegin.o
 *(.init)
 .init          0x0000000008100cf0        0x4 c:/st/stm32cubeide_1.10.1/stm32cubeide/plugins/com.st.stm32cube.ide.mcu.externaltools.gnu-tools-for-stm32.10.3-2021.10.win32_1.0.0.202111181127/tools/bin/../lib/gcc/arm-none-eabi/10.3.1/thumb/v7e-m+fp/hard/crti.o
                0x0000000008100cf0                _init
 .init          0x0000000008100cf4        0x8 c:/st/stm32cubeide_1.10.1/stm32cubeide/plugins/com.st.stm32cube.ide.mcu.externaltools.gnu-tools-for-stm32.10.3-2021.10.win32_1.0.0.202111181127/tools/bin/../lib/gcc/arm-none-eabi/10.3.1/thumb/v7e-m+fp/hard/crtn.o
 *(.fini)
 .fini          0x0000000008100cfc        0x4 c:/st/stm32cubeide_1.10.1/stm32cubeide/plugins/com.st.stm32cube.ide.mcu.externaltools.gnu-tools-for-stm32.10.3-2021.10.win32_1.0.0.202111181127/tools/bin/../lib/gcc/arm-none-eabi/10.3.1/thumb/v7e-m+fp/hard/crti.o
                0x0000000008100cfc                _fini
 .fini          0x0000000008100d00        0x8 c:/st/stm32cubeide_1.10.1/stm32cubeide/plugins/com.st.stm32cube.ide.mcu.externaltools.gnu-tools-for-stm32.10.3-2021.10.win32_1.0.0.202111181127/tools/bin/../lib/gcc/arm-none-eabi/10.3.1/thumb/v7e-m+fp/hard/crtn.o
                0x0000000008100d08                . = ALIGN (0x4)
                0x0000000008100d08                _etext = .

.vfp11_veneer   0x0000000008100d08        0x0
 .vfp11_veneer  0x0000000008100d08        0x0 linker stubs

.v4_bx          0x0000000008100d08        0x0
 .v4_bx         0x0000000008100d08        0x0 linker stubs

.iplt           0x0000000008100d08        0x0
 .iplt          0x0000000008100d08        0x0 c:/st/stm32cubeide_1.10.1/stm32cubeide/plugins/com.st.stm32cube.ide.mcu.externaltools.gnu-tools-for-stm32.10.3-2021.10.win32_1.0.0.202111181127/tools/bin/../lib/gcc/arm-none-eabi/10.3.1/thumb/v7e-m+fp/hard/crtbegin.o

.rodata         0x0000000008100d08       0x10
                0x0000000008100d08                . = ALIGN (0x4)
 *(.rodata)
 *(.rodata*)
 .rodata.D1CorePrescTable
                0x0000000008100d08       0x10 ./Common/system_stm32h7xx_dualcore_boot_cm4_cm7.o
                0x0000000008100d08                D1CorePrescTable
                0x0000000008100d18                . = ALIGN (0x4)

.rel.dyn        0x0000000008100d18        0x0
 .rel.iplt      0x0000000008100d18        0x0 c:/st/stm32cubeide_1.10.1/stm32cubeide/plugins/com.st.stm32cube.ide.mcu.externaltools.gnu-tools-for-stm32.10.3-2021.10.win32_1.0.0.202111181127/tools/bin/../lib/gcc/arm-none-eabi/10.3.1/thumb/v7e-m+fp/hard/crtbegin.o

.ARM.extab
 *(.ARM.extab* .gnu.linkonce.armextab.*)

.ARM            0x0000000008100d18        0x0
                0x0000000008100d18                __exidx_start = .
 *(.ARM.exidx*)
                0x0000000008100d18                __exidx_end = .

.preinit_array  0x0000000008100d18        0x0
                0x0000000008100d18                PROVIDE (__preinit_array_start = .)
 *(.preinit_array*)
                0x0000000008100d18                PROVIDE (__preinit_array_end = .)

.init_array     0x0000000008100d18        0x4
                0x0000000008100d18                PROVIDE (__init_array_start = .)
 *(SORT_BY_NAME(.init_array.*))
 *(.init_array*)
 .init_array    0x0000000008100d18        0x4 c:/st/stm32cubeide_1.10.1/stm32cubeide/plugins/com.st.stm32cube.ide.mcu.externaltools.gnu-tools-for-stm32.10.3-2021.10.win32_1.0.0.202111181127/tools/bin/../lib/gcc/arm-none-eabi/10.3.1/thumb/v7e-m+fp/hard/crtbegin.o
                0x0000000008100d1c                PROVIDE (__init_array_end = .)

.fini_array     0x0000000008100d1c        0x4
                [!provide]                        PROVIDE (__fini_array_start = .)
 *(SORT_BY_NAME(.fini_array.*))
 *(.fini_array*)
 .fini_array    0x0000000008100d1c        0x4 c:/st/stm32cubeide_1.10.1/stm32cubeide/plugins/com.st.stm32cube.ide.mcu.externaltools.gnu-tools-for-stm32.10.3-2021.10.win32_1.0.0.202111181127/tools/bin/../lib/gcc/arm-none-eabi/10.3.1/thumb/v7e-m+fp/hard/crtbegin.o
                [!provide]                        PROVIDE (__fini_array_end = .)
                0x0000000008100d20                _sidata = LOADADDR (.data)

.data           0x0000000010000000       0x10 load address 0x0000000008100d20
                0x0000000010000000                . = ALIGN (0x4)
                0x0000000010000000                _sdata = .
 *(.data)
 *(.data*)
 .data.SystemCoreClock
                0x0000000010000000        0x4 ./Common/system_stm32h7xx_dualcore_boot_cm4_cm7.o
                0x0000000010000000                SystemCoreClock
 .data.SystemD2Clock
                0x0000000010000004        0x4 ./Common/system_stm32h7xx_dualcore_boot_cm4_cm7.o
                0x0000000010000004                SystemD2Clock
 .data.uwTickPrio
                0x0000000010000008        0x4 ./Drivers/STM32H7xx_HAL_Driver/stm32h7xx_hal.o
                0x0000000010000008                uwTickPrio
 .data.uwTickFreq
                0x000000001000000c        0x1 ./Drivers/STM32H7xx_HAL_Driver/stm32h7xx_hal.o
                0x000000001000000c                uwTickFreq
 *(.RamFunc)
 *(.RamFunc*)
                0x0000000010000010                . = ALIGN (0x4)
 *fill*         0x000000001000000d        0x3 
                0x0000000010000010                _edata = .

.igot.plt       0x0000000010000010        0x0 load address 0x0000000008100d30
 .igot.plt      0x0000000010000010        0x0 c:/st/stm32cubeide_1.10.1/stm32cubeide/plugins/com.st.stm32cube.ide.mcu.externaltools.gnu-tools-for-stm32.10.3-2021.10.win32_1.0.0.202111181127/tools/bin/../lib/gcc/arm-none-eabi/10.3.1/thumb/v7e-m+fp/hard/crtbegin.o
                0x0000000010000010                . = ALIGN (0x4)

.bss            0x0000000010000010       0x20 load address 0x0000000008100d30
                0x0000000010000010                _sbss = .
                0x0000000010000010                __bss_start__ = _sbss
 *(.bss)
 .bss           0x0000000010000010       0x1c c:/st/stm32cubeide_1.10.1/stm32cubeide/plugins/com.st.stm32cube.ide.mcu.externaltools.gnu-tools-for-stm32.10.3-2021.10.win32_1.0.0.202111181127/tools/bin/../lib/gcc/arm-none-eabi/10.3.1/thumb/v7e-m+fp/hard/crtbegin.o
 *(.bss*)
 .bss.uwTick    0x000000001000002c        0x4 ./Drivers/STM32H7xx_HAL_Driver/stm32h7xx_hal.o
                0x000000001000002c                uwTick
 *(COMMON)
                0x0000000010000030                . = ALIGN (0x4)
                0x0000000010000030                _ebss = .
                0x0000000010000030                __bss_end__ = _ebss

._user_heap_stack
                0x0000000010000030      0x600 load address 0x0000000008100d30
                0x0000000010000030                . = ALIGN (0x8)
                [!provide]                        PROVIDE (end = .)
                0x0000000010000030                PROVIDE (_end = .)
                0x0000000010000230                . = (. + _Min_Heap_Size)
 *fill*         0x0000000010000030      0x200 
                0x0000000010000630                . = (. + _Min_Stack_Size)
 *fill*         0x0000000010000230      0x400 
                0x0000000010000630                . = ALIGN (0x8)

/DISCARD/
 libc.a(*)
 libm.a(*)
 libgcc.a(*)

.ARM.attributes
                0x0000000000000000       0x30
 *(.ARM.attributes)
 .ARM.attributes
                0x0000000000000000       0x1e c:/st/stm32cubeide_1.10.1/stm32cubeide/plugins/com.st.stm32cube.ide.mcu.externaltools.gnu-tools-for-stm32.10.3-2021.10.win32_1.0.0.202111181127/tools/bin/../lib/gcc/arm-none-eabi/10.3.1/thumb/v7e-m+fp/hard/crti.o
 .ARM.attributes
                0x000000000000001e       0x34 c:/st/stm32cubeide_1.10.1/stm32cubeide/plugins/com.st.stm32cube.ide.mcu.externaltools.gnu-tools-for-stm32.10.3-2021.10.win32_1.0.0.202111181127/tools/bin/../lib/gcc/arm-none-eabi/10.3.1/thumb/v7e-m+fp/hard/crtbegin.o
 .ARM.attributes
                0x0000000000000052       0x34 ./Application/User/Core/main.o
 .ARM.attributes
                0x0000000000000086       0x34 ./Application/User/Core/stm32h7xx_hal_msp.o
 .ARM.attributes
                0x00000000000000ba       0x34 ./Application/User/Core/stm32h7xx_it.o
 .ARM.attributes
                0x00000000000000ee       0x21 ./Application/User/Startup/startup_stm32h745xihx.o
 .ARM.attributes
                0x000000000000010f       0x34 ./Common/system_stm32h7xx_dualcore_boot_cm4_cm7.o
 .ARM.attributes
                0x0000000000000143       0x34 ./Drivers/STM32H7xx_HAL_Driver/stm32h7xx_hal.o
 .ARM.attributes
                0x0000000000000177       0x34 ./Drivers/STM32H7xx_HAL_Driver/stm32h7xx_hal_cortex.o
 .ARM.attributes
                0x00000000000001ab       0x34 ./Drivers/STM32H7xx_HAL_Driver/stm32h7xx_hal_hsem.o
 .ARM.attributes
                0x00000000000001df       0x34 ./Drivers/STM32H7xx_HAL_Driver/stm32h7xx_hal_pwr_ex.o
 .ARM.attributes
                0x0000000000000213       0x34 ./Drivers/STM32H7xx_HAL_Driver/stm32h7xx_hal_rcc.o
 .ARM.attributes
                0x0000000000000247       0x34 c:/st/stm32cubeide_1.10.1/stm32cubeide/plugins/com.st.stm32cube.ide.mcu.externaltools.gnu-tools-for-stm32.10.3-2021.10.win32_1.0.0.202111181127/tools/bin/../lib/gcc/arm-none-eabi/10.3.1/../../../../arm-none-eabi/lib/thumb/v7e-m+fp/hard\libc_nano.a(lib_a-init.o)
 .ARM.attributes
                0x000000000000027b       0x1e c:/st/stm32cubeide_1.10.1/stm32cubeide/plugins/com.st.stm32cube.ide.mcu.externaltools.gnu-tools-for-stm32.10.3-2021.10.win32_1.0.0.202111181127/tools/bin/../lib/gcc/arm-none-eabi/10.3.1/thumb/v7e-m+fp/hard/crtn.o
OUTPUT(stm32h745i_disco_CM4.elf elf32-littlearm)
LOAD linker stubs
LOAD c:/st/stm32cubeide_1.10.1/stm32cubeide/plugins/com.st.stm32cube.ide.mcu.externaltools.gnu-tools-for-stm32.10.3-2021.10.win32_1.0.0.202111181127/tools/bin/../lib/gcc/arm-none-eabi/10.3.1/../../../../arm-none-eabi/lib/thumb/v7e-m+fp/hard\libc.a
LOAD c:/st/stm32cubeide_1.10.1/stm32cubeide/plugins/com.st.stm32cube.ide.mcu.externaltools.gnu-tools-for-stm32.10.3-2021.10.win32_1.0.0.202111181127/tools/bin/../lib/gcc/arm-none-eabi/10.3.1/../../../../arm-none-eabi/lib/thumb/v7e-m+fp/hard\libm.a
LOAD c:/st/stm32cubeide_1.10.1/stm32cubeide/plugins/com.st.stm32cube.ide.mcu.externaltools.gnu-tools-for-stm32.10.3-2021.10.win32_1.0.0.202111181127/tools/bin/../lib/gcc/arm-none-eabi/10.3.1/thumb/v7e-m+fp/hard\libgcc.a

.debug_info     0x0000000000000000     0x6369
 .debug_info    0x0000000000000000      0x9ca ./Application/User/Core/main.o
 .debug_info    0x00000000000009ca      0x4a4 ./Application/User/Core/stm32h7xx_hal_msp.o
 .debug_info    0x0000000000000e6e      0x137 ./Application/User/Core/stm32h7xx_it.o
 .debug_info    0x0000000000000fa5       0x22 ./Application/User/Startup/startup_stm32h745xihx.o
 .debug_info    0x0000000000000fc7      0x779 ./Common/system_stm32h7xx_dualcore_boot_cm4_cm7.o
 .debug_info    0x0000000000001740     0x1865 ./Drivers/STM32H7xx_HAL_Driver/stm32h7xx_hal.o
 .debug_info    0x0000000000002fa5      0xfac ./Drivers/STM32H7xx_HAL_Driver/stm32h7xx_hal_cortex.o
 .debug_info    0x0000000000003f51      0x3fd ./Drivers/STM32H7xx_HAL_Driver/stm32h7xx_hal_hsem.o
 .debug_info    0x000000000000434e     0x10d3 ./Drivers/STM32H7xx_HAL_Driver/stm32h7xx_hal_pwr_ex.o
 .debug_info    0x0000000000005421      0xf48 ./Drivers/STM32H7xx_HAL_Driver/stm32h7xx_hal_rcc.o

.debug_abbrev   0x0000000000000000     0x11a1
 .debug_abbrev  0x0000000000000000      0x20c ./Application/User/Core/main.o
 .debug_abbrev  0x000000000000020c       0xda ./Application/User/Core/stm32h7xx_hal_msp.o
 .debug_abbrev  0x00000000000002e6       0x74 ./Application/User/Core/stm32h7xx_it.o
 .debug_abbrev  0x000000000000035a       0x12 ./Application/User/Startup/startup_stm32h745xihx.o
 .debug_abbrev  0x000000000000036c      0x136 ./Common/system_stm32h7xx_dualcore_boot_cm4_cm7.o
 .debug_abbrev  0x00000000000004a2      0x292 ./Drivers/STM32H7xx_HAL_Driver/stm32h7xx_hal.o
 .debug_abbrev  0x0000000000000734      0x329 ./Drivers/STM32H7xx_HAL_Driver/stm32h7xx_hal_cortex.o
 .debug_abbrev  0x0000000000000a5d      0x1d0 ./Drivers/STM32H7xx_HAL_Driver/stm32h7xx_hal_hsem.o
 .debug_abbrev  0x0000000000000c2d      0x2bc ./Drivers/STM32H7xx_HAL_Driver/stm32h7xx_hal_pwr_ex.o
 .debug_abbrev  0x0000000000000ee9      0x2b8 ./Drivers/STM32H7xx_HAL_Driver/stm32h7xx_hal_rcc.o

.debug_aranges  0x0000000000000000      0x688
 .debug_aranges
                0x0000000000000000       0x30 ./Application/User/Core/main.o
 .debug_aranges
                0x0000000000000030       0x20 ./Application/User/Core/stm32h7xx_hal_msp.o
 .debug_aranges
                0x0000000000000050       0x60 ./Application/User/Core/stm32h7xx_it.o
 .debug_aranges
                0x00000000000000b0       0x28 ./Application/User/Startup/startup_stm32h745xihx.o
 .debug_aranges
                0x00000000000000d8       0x28 ./Common/system_stm32h7xx_dualcore_boot_cm4_cm7.o
 .debug_aranges
                0x0000000000000100      0x200 ./Drivers/STM32H7xx_HAL_Driver/stm32h7xx_hal.o
 .debug_aranges
                0x0000000000000300      0x120 ./Drivers/STM32H7xx_HAL_Driver/stm32h7xx_hal_cortex.o
 .debug_aranges
                0x0000000000000420       0x70 ./Drivers/STM32H7xx_HAL_Driver/stm32h7xx_hal_hsem.o
 .debug_aranges
                0x0000000000000490      0x170 ./Drivers/STM32H7xx_HAL_Driver/stm32h7xx_hal_pwr_ex.o
 .debug_aranges
                0x0000000000000600       0x88 ./Drivers/STM32H7xx_HAL_Driver/stm32h7xx_hal_rcc.o

.debug_ranges   0x0000000000000000      0x5f0
 .debug_ranges  0x0000000000000000       0x20 ./Application/User/Core/main.o
 .debug_ranges  0x0000000000000020       0x10 ./Application/User/Core/stm32h7xx_hal_msp.o
 .debug_ranges  0x0000000000000030       0x50 ./Application/User/Core/stm32h7xx_it.o
 .debug_ranges  0x0000000000000080       0x20 ./Application/User/Startup/startup_stm32h745xihx.o
 .debug_ranges  0x00000000000000a0       0x18 ./Common/system_stm32h7xx_dualcore_boot_cm4_cm7.o
 .debug_ranges  0x00000000000000b8      0x1f0 ./Drivers/STM32H7xx_HAL_Driver/stm32h7xx_hal.o
 .debug_ranges  0x00000000000002a8      0x110 ./Drivers/STM32H7xx_HAL_Driver/stm32h7xx_hal_cortex.o
 .debug_ranges  0x00000000000003b8       0x60 ./Drivers/STM32H7xx_HAL_Driver/stm32h7xx_hal_hsem.o
 .debug_ranges  0x0000000000000418      0x160 ./Drivers/STM32H7xx_HAL_Driver/stm32h7xx_hal_pwr_ex.o
 .debug_ranges  0x0000000000000578       0x78 ./Drivers/STM32H7xx_HAL_Driver/stm32h7xx_hal_rcc.o

.debug_macro    0x0000000000000000    0x36ec6
 .debug_macro   0x0000000000000000      0x292 ./Application/User/Core/main.o
 .debug_macro   0x0000000000000292      0xa7e ./Application/User/Core/main.o
 .debug_macro   0x0000000000000d10      0x22c ./Application/User/Core/main.o
 .debug_macro   0x0000000000000f3c       0x2e ./Application/User/Core/main.o
 .debug_macro   0x0000000000000f6a       0x3b ./Application/User/Core/main.o
 .debug_macro   0x0000000000000fa5       0x22 ./Application/User/Core/main.o
 .debug_macro   0x0000000000000fc7       0x8e ./Application/User/Core/main.o
 .debug_macro   0x0000000000001055       0x51 ./Application/User/Core/main.o
 .debug_macro   0x00000000000010a6      0x103 ./Application/User/Core/main.o
 .debug_macro   0x00000000000011a9       0x6a ./Application/User/Core/main.o
 .debug_macro   0x0000000000001213      0x1df ./Application/User/Core/main.o
 .debug_macro   0x00000000000013f2       0x1c ./Application/User/Core/main.o
 .debug_macro   0x000000000000140e       0x22 ./Application/User/Core/main.o
 .debug_macro   0x0000000000001430       0xfb ./Application/User/Core/main.o
 .debug_macro   0x000000000000152b     0x1011 ./Application/User/Core/main.o
 .debug_macro   0x000000000000253c      0x11f ./Application/User/Core/main.o
 .debug_macro   0x000000000000265b    0x26d3b ./Application/User/Core/main.o
 .debug_macro   0x0000000000029396       0x6d ./Application/User/Core/main.o
 .debug_macro   0x0000000000029403     0x3d22 ./Application/User/Core/main.o
 .debug_macro   0x000000000002d125      0x174 ./Application/User/Core/main.o
 .debug_macro   0x000000000002d299       0x52 ./Application/User/Core/main.o
 .debug_macro   0x000000000002d2eb       0x1e ./Application/User/Core/main.o
 .debug_macro   0x000000000002d309       0x3c ./Application/User/Core/main.o
 .debug_macro   0x000000000002d345       0x34 ./Application/User/Core/main.o
 .debug_macro   0x000000000002d379       0x16 ./Application/User/Core/main.o
 .debug_macro   0x000000000002d38f       0x43 ./Application/User/Core/main.o
 .debug_macro   0x000000000002d3d2       0x34 ./Application/User/Core/main.o
 .debug_macro   0x000000000002d406       0x10 ./Application/User/Core/main.o
 .debug_macro   0x000000000002d416       0x58 ./Application/User/Core/main.o
 .debug_macro   0x000000000002d46e       0x71 ./Application/User/Core/main.o
 .debug_macro   0x000000000002d4df       0x1c ./Application/User/Core/main.o
 .debug_macro   0x000000000002d4fb      0x12a ./Application/User/Core/main.o
 .debug_macro   0x000000000002d625      0x341 ./Application/User/Core/main.o
 .debug_macro   0x000000000002d966      0x19b ./Application/User/Core/main.o
 .debug_macro   0x000000000002db01       0x5d ./Application/User/Core/main.o
 .debug_macro   0x000000000002db5e     0x3a9d ./Application/User/Core/main.o
 .debug_macro   0x00000000000315fb     0x1048 ./Application/User/Core/main.o
 .debug_macro   0x0000000000032643      0x14d ./Application/User/Core/main.o
 .debug_macro   0x0000000000032790      0x130 ./Application/User/Core/main.o
 .debug_macro   0x00000000000328c0      0x3be ./Application/User/Core/main.o
 .debug_macro   0x0000000000032c7e       0xac ./Application/User/Core/main.o
 .debug_macro   0x0000000000032d2a      0x72d ./Application/User/Core/main.o
 .debug_macro   0x0000000000033457      0x228 ./Application/User/Core/main.o
 .debug_macro   0x000000000003367f       0x66 ./Application/User/Core/main.o
 .debug_macro   0x00000000000336e5      0x3bb ./Application/User/Core/main.o
 .debug_macro   0x0000000000033aa0      0x407 ./Application/User/Core/main.o
 .debug_macro   0x0000000000033ea7      0x244 ./Application/User/Core/main.o
 .debug_macro   0x00000000000340eb      0x3ca ./Application/User/Core/main.o
 .debug_macro   0x00000000000344b5      0x4a2 ./Application/User/Core/main.o
 .debug_macro   0x0000000000034957       0x51 ./Application/User/Core/main.o
 .debug_macro   0x00000000000349a8       0x4a ./Application/User/Core/main.o
 .debug_macro   0x00000000000349f2      0x22c ./Application/User/Core/main.o
 .debug_macro   0x0000000000034c1e       0x67 ./Application/User/Core/main.o
 .debug_macro   0x0000000000034c85       0xa5 ./Application/User/Core/main.o
 .debug_macro   0x0000000000034d2a      0x218 ./Application/User/Core/main.o
 .debug_macro   0x0000000000034f42      0x2ea ./Application/User/Core/main.o
 .debug_macro   0x000000000003522c       0x35 ./Application/User/Core/main.o
 .debug_macro   0x0000000000035261      0x798 ./Application/User/Core/main.o
 .debug_macro   0x00000000000359f9      0x28c ./Application/User/Core/stm32h7xx_hal_msp.o
 .debug_macro   0x0000000000035c85      0x296 ./Application/User/Core/stm32h7xx_it.o
 .debug_macro   0x0000000000035f1b      0x288 ./Common/system_stm32h7xx_dualcore_boot_cm4_cm7.o
 .debug_macro   0x00000000000361a3      0x2ac ./Drivers/STM32H7xx_HAL_Driver/stm32h7xx_hal.o
 .debug_macro   0x000000000003644f      0x282 ./Drivers/STM32H7xx_HAL_Driver/stm32h7xx_hal_cortex.o
 .debug_macro   0x00000000000366d1      0x294 ./Drivers/STM32H7xx_HAL_Driver/stm32h7xx_hal_hsem.o
 .debug_macro   0x0000000000036965      0x2bb ./Drivers/STM32H7xx_HAL_Driver/stm32h7xx_hal_pwr_ex.o
 .debug_macro   0x0000000000036c20      0x2a6 ./Drivers/STM32H7xx_HAL_Driver/stm32h7xx_hal_rcc.o

.debug_line     0x0000000000000000     0x6ea9
 .debug_line    0x0000000000000000      0x8ac ./Application/User/Core/main.o
 .debug_line    0x00000000000008ac      0x846 ./Application/User/Core/stm32h7xx_hal_msp.o
 .debug_line    0x00000000000010f2      0x909 ./Application/User/Core/stm32h7xx_it.o
 .debug_line    0x00000000000019fb       0x94 ./Application/User/Startup/startup_stm32h745xihx.o
 .debug_line    0x0000000000001a8f      0x999 ./Common/system_stm32h7xx_dualcore_boot_cm4_cm7.o
 .debug_line    0x0000000000002428      0xf52 ./Drivers/STM32H7xx_HAL_Driver/stm32h7xx_hal.o
 .debug_line    0x000000000000337a      0xe02 ./Drivers/STM32H7xx_HAL_Driver/stm32h7xx_hal_cortex.o
 .debug_line    0x000000000000417c      0x9b2 ./Drivers/STM32H7xx_HAL_Driver/stm32h7xx_hal_hsem.o
 .debug_line    0x0000000000004b2e     0x101d ./Drivers/STM32H7xx_HAL_Driver/stm32h7xx_hal_pwr_ex.o
 .debug_line    0x0000000000005b4b     0x135e ./Drivers/STM32H7xx_HAL_Driver/stm32h7xx_hal_rcc.o

.debug_str      0x0000000000000000   0x16dc9d
 .debug_str     0x0000000000000000   0x16b563 ./Application/User/Core/main.o
                                     0x16b9c2 (size before relaxing)
 .debug_str     0x000000000016b563       0x69 ./Application/User/Core/stm32h7xx_hal_msp.o
                                     0x16b7a2 (size before relaxing)
 .debug_str     0x000000000016b5cc      0x106 ./Application/User/Core/stm32h7xx_it.o
                                     0x16b601 (size before relaxing)
 .debug_str     0x000000000016b6d2       0x42 ./Application/User/Startup/startup_stm32h745xihx.o
                                         0x95 (size before relaxing)
 .debug_str     0x000000000016b714      0x12e ./Common/system_stm32h7xx_dualcore_boot_cm4_cm7.o
                                     0x16b8c6 (size before relaxing)
 .debug_str     0x000000000016b842     0x12bc ./Drivers/STM32H7xx_HAL_Driver/stm32h7xx_hal.o
                                     0x16cc10 (size before relaxing)
 .debug_str     0x000000000016cafe      0x3a9 ./Drivers/STM32H7xx_HAL_Driver/stm32h7xx_hal_cortex.o
                                     0x16c35e (size before relaxing)
 .debug_str     0x000000000016cea7      0x1dc ./Drivers/STM32H7xx_HAL_Driver/stm32h7xx_hal_hsem.o
                                     0x16b789 (size before relaxing)
 .debug_str     0x000000000016d083      0x6db ./Drivers/STM32H7xx_HAL_Driver/stm32h7xx_hal_pwr_ex.o
                                     0x16bf54 (size before relaxing)
 .debug_str     0x000000000016d75e      0x53f ./Drivers/STM32H7xx_HAL_Driver/stm32h7xx_hal_rcc.o
                                     0x16be7f (size before relaxing)

.comment        0x0000000000000000       0x50
 .comment       0x0000000000000000       0x50 ./Application/User/Core/main.o
                                         0x51 (size before relaxing)
 .comment       0x0000000000000050       0x51 ./Application/User/Core/stm32h7xx_hal_msp.o
 .comment       0x0000000000000050       0x51 ./Application/User/Core/stm32h7xx_it.o
 .comment       0x0000000000000050       0x51 ./Common/system_stm32h7xx_dualcore_boot_cm4_cm7.o
 .comment       0x0000000000000050       0x51 ./Drivers/STM32H7xx_HAL_Driver/stm32h7xx_hal.o
 .comment       0x0000000000000050       0x51 ./Drivers/STM32H7xx_HAL_Driver/stm32h7xx_hal_cortex.o
 .comment       0x0000000000000050       0x51 ./Drivers/STM32H7xx_HAL_Driver/stm32h7xx_hal_hsem.o
 .comment       0x0000000000000050       0x51 ./Drivers/STM32H7xx_HAL_Driver/stm32h7xx_hal_pwr_ex.o
 .comment       0x0000000000000050       0x51 ./Drivers/STM32H7xx_HAL_Driver/stm32h7xx_hal_rcc.o

.debug_frame    0x0000000000000000     0x18cc
 .debug_frame   0x0000000000000000       0x6c ./Application/User/Core/main.o
 .debug_frame   0x000000000000006c       0x38 ./Application/User/Core/stm32h7xx_hal_msp.o
 .debug_frame   0x00000000000000a4      0x104 ./Application/User/Core/stm32h7xx_it.o
 .debug_frame   0x00000000000001a8       0x58 ./Common/system_stm32h7xx_dualcore_boot_cm4_cm7.o
 .debug_frame   0x0000000000000200      0x848 ./Drivers/STM32H7xx_HAL_Driver/stm32h7xx_hal.o
 .debug_frame   0x0000000000000a48      0x4b8 ./Drivers/STM32H7xx_HAL_Driver/stm32h7xx_hal_cortex.o
 .debug_frame   0x0000000000000f00      0x1bc ./Drivers/STM32H7xx_HAL_Driver/stm32h7xx_hal_hsem.o
 .debug_frame   0x00000000000010bc      0x5ec ./Drivers/STM32H7xx_HAL_Driver/stm32h7xx_hal_pwr_ex.o
 .debug_frame   0x00000000000016a8      0x1f8 ./Drivers/STM32H7xx_HAL_Driver/stm32h7xx_hal_rcc.o
 .debug_frame   0x00000000000018a0       0x2c c:/st/stm32cubeide_1.10.1/stm32cubeide/plugins/com.st.stm32cube.ide.mcu.externaltools.gnu-tools-for-stm32.10.3-2021.10.win32_1.0.0.202111181127/tools/bin/../lib/gcc/arm-none-eabi/10.3.1/../../../../arm-none-eabi/lib/thumb/v7e-m+fp/hard\libc_nano.a(lib_a-init.o)
