../../CM7/../../CM7/Middlewares/ST/touchgfx/framework/include/touchgfx/Font.hpp:167:13:touchgfx::Font::~Font()	16	static
../../CM7/../../CM7/Middlewares/ST/touchgfx/framework/include/touchgfx/Font.hpp:167:13:virtual touchgfx::Font::~Font()	16	static
../../CM7/../../CM7/Middlewares/ST/touchgfx/framework/include/touchgfx/ConstFont.hpp:35:7:touchgfx::ConstFont::~ConstFont()	16	static
../../CM7/../../CM7/Middlewares/ST/touchgfx/framework/include/touchgfx/ConstFont.hpp:35:7:virtual touchgfx::ConstFont::~ConstFont()	16	static
../../CM7/../../CM7/TouchGFX/generated/fonts/include/fonts/GeneratedFont.hpp:11:7:touchgfx::GeneratedFont::~GeneratedFont()	16	static
../../CM7/../../CM7/TouchGFX/generated/fonts/include/fonts/GeneratedFont.hpp:11:7:virtual touchgfx::GeneratedFont::~GeneratedFont()	16	static
C:/Users/joepe/STM32CubeIDE/workspace_1.10.1/Disco_Firmware/CM7/TouchGFX/generated/fonts/src/Table_verdana_20_4bpp.cpp:41:161:void __tcf_0()	8	static
C:/Users/joepe/STM32CubeIDE/workspace_1.10.1/Disco_Firmware/CM7/TouchGFX/generated/fonts/src/Table_verdana_20_4bpp.cpp:39:26:touchgfx::GeneratedFont& getFont_verdana_20_4bpp()	56	static
